// Jest Snapshot v1, https://goo.gl/fbAQLP

exports[`Sessions componemt Testing Session Table component Should render without errors 1`] = `
<div
  className="sessionTableContainer"
>
  <div
    className="sessionTableContainer__tableHeader"
  >
    <label />
    <input
      onChange={[Function]}
      placeholder="Search Session name...."
      type="text"
      value=""
    />
    <span>
      Delete Session
    </span>
  </div>
  <div
    className="sessionTableContainer__tableBody"
  >
    <div
      className="sessionTableContainer__tableBody__rowContainer"
      key="1"
    >
      <div
        className="sessionTableContainer__tableBody__rowContainer__radioCell"
      >
        <input
          checked={true}
          onChange={[Function]}
          type="radio"
        />
      </div>
      <span
        className="sessionTableContainer__tableBody__rowContainer__sessionNameCell"
      >
        test session 1
      </span>
      <div
        className="sessionTableContainer__tableBody__rowContainer__deleteButtonCell"
      >
        <button
          onClick={[Function]}
        >
          <RiDeleteBinLine />
        </button>
      </div>
    </div>
    <div
      className="sessionTableContainer__tableBody__rowContainer"
      key="2"
    >
      <div
        className="sessionTableContainer__tableBody__rowContainer__radioCell"
      >
        <input
          checked={false}
          onChange={[Function]}
          type="radio"
        />
      </div>
      <span
        className="sessionTableContainer__tableBody__rowContainer__sessionNameCell"
      >
        test session 2
      </span>
      <div
        className="sessionTableContainer__tableBody__rowContainer__deleteButtonCell"
      >
        <button
          onClick={[Function]}
        >
          <RiDeleteBinLine />
        </button>
      </div>
    </div>
  </div>
</div>
`;

exports[`Sessions componemt Testing dumb sessions component Should render without errors 1`] = `
<div
  className="sessionsContainer"
  data-test="sessionsComponent"
>
  <input
    className="sessionsContainer__currentSessionInput"
    disabled={true}
    name="currentSession"
    placeholder="test session"
    type="text"
  />
  <button
    className="sessionsContainer__button"
    onClick={[Function]}
  >
    Session
  </button>
  <div
    className="dialogWrapper"
  >
    <Dialog
      isDialogOpened={false}
      onClose={[Function]}
      title="Sessions"
    >
      <div
        className="sessionsContainer__newSessionContainer"
      >
        <input
          className="sessionsContainer__newSessionContainer__input"
          name="newSessionName"
          onChange={[Function]}
          placeholder="Enter new session...."
          type="text"
          value=""
        />
        <button
          className="sessionsContainer__newSessionContainer__button"
          disabled={true}
          onClick={[Function]}
        >
          Add!
        </button>
      </div>
      <SessionsTable
        error={false}
        loading={false}
        onChangeSession={[MockFunction]}
        onDeleteSession={[MockFunction]}
        sessions={
          Array [
            Object {
              "active": true,
              "id": 1,
              "name": "test session",
            },
          ]
        }
      />
    </Dialog>
  </div>
</div>
`;
